[MODEL INSIGHTS] Source row count: 26106
[MODEL INSIGHTS] Exact columns:
'rowid'
'id'
'age'
'occup'
'gender'
'origlat'
'origlon'
'destlat'
'destlon'
'orig_geom'
'dest_geom'
'purp'
'vehic'
'freqpweek'
'OD_dist'
'travtime'
'reason'
'own_car'
'own_motob'
'own_ebike'
'own_bike'
'freq_car'
'freq_motob'
'freq_ebike'
'freq_bike'
'freq_taxi'
'freq_bus'
'school_acc'
'market_acc'
'hosp_acc'
'bank_acc'
'leis_acc'
'type'
'status'
'own'
'reas_not_car'
'reas_not_motob'
'reas_not_ebike'
'reas_not_bike'
'dist_to_pub'
'aware_ban'
'fut_veh'
'alt_veh'
'alt_car'
'alt_ebike'
'alt_bike'
'alt_bus'
'alt_ltrain'
'alt_taxi'
'alt_walk'
'opinion_car'
'opinion_motob'
'opinion_ebike'
'opinion_bike'
'opinion_taxi'
'opinion_bus'
'opinion_ban'
[MODEL INSIGHTS] Normalized columns: ["'rowid'", "'id'", "'age'", "'occup'", "'gender'", "'origlat'", "'origlon'", "'destlat'", "'destlon'", "'orig_geom'", "'dest_geom'", "'purp'", "'vehic'", "'freqpweek'", "'OD_dist'", "'travtime'", "'reason'", "'own_car'", "'own_motob'", "'own_ebike'", "'own_bike'", "'freq_car'", "'freq_motob'", "'freq_ebike'", "'freq_bike'", "'freq_taxi'", "'freq_bus'", "'school_acc'", "'market_acc'", "'hosp_acc'", "'bank_acc'", "'leis_acc'", "'type'", "'status'", "'own'", "'reas_not_car'", "'reas_not_motob'", "'reas_not_ebike'", "'reas_not_bike'", "'dist_to_pub'", "'aware_ban'", "'fut_veh'", "'alt_veh'", "'alt_car'", "'alt_ebike'", "'alt_bike'", "'alt_bus'", "'alt_ltrain'", "'alt_taxi'", "'alt_walk'", "'opinion_car'", "'opinion_motob'", "'opinion_ebike'", "'opinion_bike'", "'opinion_taxi'", "'opinion_bus'", "'opinion_ban'"]
